// Vitest Snapshot v1, https://vitest.dev/guide/snapshot.html

exports[`utils > ShopifyPriceToNumber > should return the parsed price if it is a valid number 1`] = `0.99`;
